// Vitest Snapshot v1, https://vitest.dev/guide/snapshot.html

exports[`Title > matches snapshot 1`] = `"<h4 class="ant-typography title-content css-dev-only-do-not-override-1iftmj9 css-var-root">Start here creating a new task<button type="button" class="ant-btn css-dev-only-do-not-override-1iftmj9 css-var-root ant-btn-primary ant-btn-color-primary ant-btn-variant-solid"><span>Create task</span></button></h4>"`;
